// Jest Snapshot v1, https://goo.gl/fbAQLP

exports[`testing on <GifApp /> should match against snapshot 1`] = `
<div>
  <h1>
    Gif App
  </h1>
  <form
    aria-label="form"
  >
    <input
      placeholder="Add a category"
      type="text"
      value=""
    />
  </form>
  <h3>
    One Punch
  </h3>
  <h3>
    Loading...
  </h3>
  <div
    class="card-grid"
  />
</div>
`;
